------------------------------------------------------------
Timing Analyzer Summary
------------------------------------------------------------

Type  : Slow 1100mV 85C Model Setup 'CLOCK_50'
Slack : -4.628
TNS   : -4.628

Type  : Slow 1100mV 85C Model Setup 'DE1_SoC_Audio_Example:audioData|avconf:avc|mI2C_CTRL_CLK'
Slack : -2.533
TNS   : -130.540

Type  : Slow 1100mV 85C Model Setup 'VGA|mypll|altpll_component|auto_generated|generic_pll1~PLL_OUTPUT_COUNTER|divclk'
Slack : 30.356
TNS   : 0.000

Type  : Slow 1100mV 85C Model Hold 'CLOCK_50'
Slack : 0.219
TNS   : 0.000

Type  : Slow 1100mV 85C Model Hold 'DE1_SoC_Audio_Example:audioData|avconf:avc|mI2C_CTRL_CLK'
Slack : 0.314
TNS   : 0.000

Type  : Slow 1100mV 85C Model Hold 'VGA|mypll|altpll_component|auto_generated|generic_pll1~PLL_OUTPUT_COUNTER|divclk'
Slack : 0.407
TNS   : 0.000

Type  : Slow 1100mV 85C Model Minimum Pulse Width 'DE1_SoC_Audio_Example:audioData|avconf:avc|mI2C_CTRL_CLK'
Slack : -0.394
TNS   : -39.063

Type  : Slow 1100mV 85C Model Minimum Pulse Width 'VGA|mypll|altpll_component|auto_generated|generic_pll1~FRACTIONAL_PLL|vcoph[0]'
Slack : 1.666
TNS   : 0.000

Type  : Slow 1100mV 85C Model Minimum Pulse Width 'CLOCK_50'
Slack : 8.810
TNS   : 0.000

Type  : Slow 1100mV 85C Model Minimum Pulse Width 'VGA|mypll|altpll_component|auto_generated|generic_pll1~PLL_OUTPUT_COUNTER|divclk'
Slack : 18.757
TNS   : 0.000

Type  : Slow 1100mV 0C Model Setup 'CLOCK_50'
Slack : -4.464
TNS   : -4.464

Type  : Slow 1100mV 0C Model Setup 'DE1_SoC_Audio_Example:audioData|avconf:avc|mI2C_CTRL_CLK'
Slack : -2.553
TNS   : -125.880

Type  : Slow 1100mV 0C Model Setup 'VGA|mypll|altpll_component|auto_generated|generic_pll1~PLL_OUTPUT_COUNTER|divclk'
Slack : 30.707
TNS   : 0.000

Type  : Slow 1100mV 0C Model Hold 'CLOCK_50'
Slack : 0.209
TNS   : 0.000

Type  : Slow 1100mV 0C Model Hold 'DE1_SoC_Audio_Example:audioData|avconf:avc|mI2C_CTRL_CLK'
Slack : 0.304
TNS   : 0.000

Type  : Slow 1100mV 0C Model Hold 'VGA|mypll|altpll_component|auto_generated|generic_pll1~PLL_OUTPUT_COUNTER|divclk'
Slack : 0.401
TNS   : 0.000

Type  : Slow 1100mV 0C Model Minimum Pulse Width 'DE1_SoC_Audio_Example:audioData|avconf:avc|mI2C_CTRL_CLK'
Slack : -0.394
TNS   : -38.113

Type  : Slow 1100mV 0C Model Minimum Pulse Width 'VGA|mypll|altpll_component|auto_generated|generic_pll1~FRACTIONAL_PLL|vcoph[0]'
Slack : 1.666
TNS   : 0.000

Type  : Slow 1100mV 0C Model Minimum Pulse Width 'CLOCK_50'
Slack : 8.768
TNS   : 0.000

Type  : Slow 1100mV 0C Model Minimum Pulse Width 'VGA|mypll|altpll_component|auto_generated|generic_pll1~PLL_OUTPUT_COUNTER|divclk'
Slack : 18.733
TNS   : 0.000

Type  : Fast 1100mV 85C Model Setup 'CLOCK_50'
Slack : -3.794
TNS   : -3.794

Type  : Fast 1100mV 85C Model Setup 'DE1_SoC_Audio_Example:audioData|avconf:avc|mI2C_CTRL_CLK'
Slack : -1.187
TNS   : -55.068

Type  : Fast 1100mV 85C Model Setup 'VGA|mypll|altpll_component|auto_generated|generic_pll1~PLL_OUTPUT_COUNTER|divclk'
Slack : 33.307
TNS   : 0.000

Type  : Fast 1100mV 85C Model Hold 'CLOCK_50'
Slack : 0.129
TNS   : 0.000

Type  : Fast 1100mV 85C Model Hold 'DE1_SoC_Audio_Example:audioData|avconf:avc|mI2C_CTRL_CLK'
Slack : 0.150
TNS   : 0.000

Type  : Fast 1100mV 85C Model Hold 'VGA|mypll|altpll_component|auto_generated|generic_pll1~PLL_OUTPUT_COUNTER|divclk'
Slack : 0.247
TNS   : 0.000

Type  : Fast 1100mV 85C Model Minimum Pulse Width 'DE1_SoC_Audio_Example:audioData|avconf:avc|mI2C_CTRL_CLK'
Slack : -0.007
TNS   : -0.089

Type  : Fast 1100mV 85C Model Minimum Pulse Width 'VGA|mypll|altpll_component|auto_generated|generic_pll1~FRACTIONAL_PLL|vcoph[0]'
Slack : 1.666
TNS   : 0.000

Type  : Fast 1100mV 85C Model Minimum Pulse Width 'CLOCK_50'
Slack : 8.817
TNS   : 0.000

Type  : Fast 1100mV 85C Model Minimum Pulse Width 'VGA|mypll|altpll_component|auto_generated|generic_pll1~PLL_OUTPUT_COUNTER|divclk'
Slack : 18.879
TNS   : 0.000

Type  : Fast 1100mV 0C Model Setup 'CLOCK_50'
Slack : -3.221
TNS   : -3.221

Type  : Fast 1100mV 0C Model Setup 'DE1_SoC_Audio_Example:audioData|avconf:avc|mI2C_CTRL_CLK'
Slack : -1.058
TNS   : -46.800

Type  : Fast 1100mV 0C Model Setup 'VGA|mypll|altpll_component|auto_generated|generic_pll1~PLL_OUTPUT_COUNTER|divclk'
Slack : 34.122
TNS   : 0.000

Type  : Fast 1100mV 0C Model Hold 'CLOCK_50'
Slack : 0.118
TNS   : 0.000

Type  : Fast 1100mV 0C Model Hold 'DE1_SoC_Audio_Example:audioData|avconf:avc|mI2C_CTRL_CLK'
Slack : 0.139
TNS   : 0.000

Type  : Fast 1100mV 0C Model Hold 'VGA|mypll|altpll_component|auto_generated|generic_pll1~PLL_OUTPUT_COUNTER|divclk'
Slack : 0.226
TNS   : 0.000

Type  : Fast 1100mV 0C Model Minimum Pulse Width 'DE1_SoC_Audio_Example:audioData|avconf:avc|mI2C_CTRL_CLK'
Slack : 0.036
TNS   : 0.000

Type  : Fast 1100mV 0C Model Minimum Pulse Width 'VGA|mypll|altpll_component|auto_generated|generic_pll1~FRACTIONAL_PLL|vcoph[0]'
Slack : 1.666
TNS   : 0.000

Type  : Fast 1100mV 0C Model Minimum Pulse Width 'CLOCK_50'
Slack : 8.812
TNS   : 0.000

Type  : Fast 1100mV 0C Model Minimum Pulse Width 'VGA|mypll|altpll_component|auto_generated|generic_pll1~PLL_OUTPUT_COUNTER|divclk'
Slack : 18.880
TNS   : 0.000

------------------------------------------------------------
